Archive member included because of file (symbol)

d:/computer_science/embeded_systems/imt/sdk/imt_sdk_win_64/imt_sdk_win_64/winavr/bin/../lib/gcc/avr/4.3.3/avr5\libgcc.a(_udivmodqi4.o)
                              ./HAL/LCD/LCD_Program.o (__udivmodqi4)
d:/computer_science/embeded_systems/imt/sdk/imt_sdk_win_64/imt_sdk_win_64/winavr/bin/../lib/gcc/avr/4.3.3/avr5\libgcc.a(_udivmodhi4.o)
                              ./HAL/LCD/LCD_Program.o (__udivmodhi4)
d:/computer_science/embeded_systems/imt/sdk/imt_sdk_win_64/imt_sdk_win_64/winavr/bin/../lib/gcc/avr/4.3.3/avr5\libgcc.a(_exit.o)
                              d:/computer_science/embeded_systems/imt/sdk/imt_sdk_win_64/imt_sdk_win_64/winavr/bin/../lib/gcc/avr/4.3.3/../../../../avr/lib/avr5/crtm32.o (exit)
d:/computer_science/embeded_systems/imt/sdk/imt_sdk_win_64/imt_sdk_win_64/winavr/bin/../lib/gcc/avr/4.3.3/avr5\libgcc.a(_copy_data.o)
                              ./RTOS/tasks.o (__do_copy_data)
d:/computer_science/embeded_systems/imt/sdk/imt_sdk_win_64/imt_sdk_win_64/winavr/bin/../lib/gcc/avr/4.3.3/avr5\libgcc.a(_clear_bss.o)
                              ./RTOS/croutine.o (__do_clear_bss)
d:/computer_science/embeded_systems/imt/sdk/imt_sdk_win_64/imt_sdk_win_64/winavr/bin/../lib/gcc/avr/4.3.3/avr5\libgcc.a(_fixunssfsi.o)
                              ./HAL/LCD/LCD_Program.o (__fixunssfsi)
d:/computer_science/embeded_systems/imt/sdk/imt_sdk_win_64/imt_sdk_win_64/winavr/bin/../lib/gcc/avr/4.3.3/avr5\libgcc.a(_addsub_sf.o)
                              d:/computer_science/embeded_systems/imt/sdk/imt_sdk_win_64/imt_sdk_win_64/winavr/bin/../lib/gcc/avr/4.3.3/avr5\libgcc.a(_fixunssfsi.o) (__subsf3)
d:/computer_science/embeded_systems/imt/sdk/imt_sdk_win_64/imt_sdk_win_64/winavr/bin/../lib/gcc/avr/4.3.3/avr5\libgcc.a(_mul_sf.o)
                              ./HAL/LCD/LCD_Program.o (__mulsf3)
d:/computer_science/embeded_systems/imt/sdk/imt_sdk_win_64/imt_sdk_win_64/winavr/bin/../lib/gcc/avr/4.3.3/avr5\libgcc.a(_gt_sf.o)
                              ./HAL/LCD/LCD_Program.o (__gtsf2)
d:/computer_science/embeded_systems/imt/sdk/imt_sdk_win_64/imt_sdk_win_64/winavr/bin/../lib/gcc/avr/4.3.3/avr5\libgcc.a(_ge_sf.o)
                              d:/computer_science/embeded_systems/imt/sdk/imt_sdk_win_64/imt_sdk_win_64/winavr/bin/../lib/gcc/avr/4.3.3/avr5\libgcc.a(_fixunssfsi.o) (__gesf2)
d:/computer_science/embeded_systems/imt/sdk/imt_sdk_win_64/imt_sdk_win_64/winavr/bin/../lib/gcc/avr/4.3.3/avr5\libgcc.a(_lt_sf.o)
                              ./HAL/LCD/LCD_Program.o (__ltsf2)
d:/computer_science/embeded_systems/imt/sdk/imt_sdk_win_64/imt_sdk_win_64/winavr/bin/../lib/gcc/avr/4.3.3/avr5\libgcc.a(_sf_to_si.o)
                              d:/computer_science/embeded_systems/imt/sdk/imt_sdk_win_64/imt_sdk_win_64/winavr/bin/../lib/gcc/avr/4.3.3/avr5\libgcc.a(_fixunssfsi.o) (__fixsfsi)
d:/computer_science/embeded_systems/imt/sdk/imt_sdk_win_64/imt_sdk_win_64/winavr/bin/../lib/gcc/avr/4.3.3/avr5\libgcc.a(_thenan_sf.o)
                              d:/computer_science/embeded_systems/imt/sdk/imt_sdk_win_64/imt_sdk_win_64/winavr/bin/../lib/gcc/avr/4.3.3/avr5\libgcc.a(_addsub_sf.o) (__thenan_sf)
d:/computer_science/embeded_systems/imt/sdk/imt_sdk_win_64/imt_sdk_win_64/winavr/bin/../lib/gcc/avr/4.3.3/avr5\libgcc.a(_prologue.o)
                              d:/computer_science/embeded_systems/imt/sdk/imt_sdk_win_64/imt_sdk_win_64/winavr/bin/../lib/gcc/avr/4.3.3/avr5\libgcc.a(_addsub_sf.o) (__prologue_saves__)
d:/computer_science/embeded_systems/imt/sdk/imt_sdk_win_64/imt_sdk_win_64/winavr/bin/../lib/gcc/avr/4.3.3/avr5\libgcc.a(_epilogue.o)
                              d:/computer_science/embeded_systems/imt/sdk/imt_sdk_win_64/imt_sdk_win_64/winavr/bin/../lib/gcc/avr/4.3.3/avr5\libgcc.a(_addsub_sf.o) (__epilogue_restores__)
d:/computer_science/embeded_systems/imt/sdk/imt_sdk_win_64/imt_sdk_win_64/winavr/bin/../lib/gcc/avr/4.3.3/avr5\libgcc.a(_pack_sf.o)
                              d:/computer_science/embeded_systems/imt/sdk/imt_sdk_win_64/imt_sdk_win_64/winavr/bin/../lib/gcc/avr/4.3.3/avr5\libgcc.a(_addsub_sf.o) (__pack_f)
d:/computer_science/embeded_systems/imt/sdk/imt_sdk_win_64/imt_sdk_win_64/winavr/bin/../lib/gcc/avr/4.3.3/avr5\libgcc.a(_unpack_sf.o)
                              d:/computer_science/embeded_systems/imt/sdk/imt_sdk_win_64/imt_sdk_win_64/winavr/bin/../lib/gcc/avr/4.3.3/avr5\libgcc.a(_addsub_sf.o) (__unpack_f)
d:/computer_science/embeded_systems/imt/sdk/imt_sdk_win_64/imt_sdk_win_64/winavr/bin/../lib/gcc/avr/4.3.3/avr5\libgcc.a(_fpcmp_parts_sf.o)
                              d:/computer_science/embeded_systems/imt/sdk/imt_sdk_win_64/imt_sdk_win_64/winavr/bin/../lib/gcc/avr/4.3.3/avr5\libgcc.a(_gt_sf.o) (__fpcmp_parts_f)
d:/computer_science/embeded_systems/imt/sdk/imt_sdk_win_64/imt_sdk_win_64/winavr/bin/../lib/gcc/avr/4.3.3/../../../../avr/lib/avr5\libc.a(memcpy.o)
                              ./RTOS/queue.o (memcpy)
d:/computer_science/embeded_systems/imt/sdk/imt_sdk_win_64/imt_sdk_win_64/winavr/bin/../lib/gcc/avr/4.3.3/../../../../avr/lib/avr5\libc.a(memset.o)
                              ./RTOS/tasks.o (memset)
d:/computer_science/embeded_systems/imt/sdk/imt_sdk_win_64/imt_sdk_win_64/winavr/bin/../lib/gcc/avr/4.3.3/../../../../avr/lib/avr5\libc.a(strncpy.o)
                              ./RTOS/tasks.o (strncpy)

Allocating common symbols
Common symbol       size              file

TASK2               0x2               ./main.o
MUTEX               0x2               ./main.o
SIGN                0x2               ./main.o
TASK                0x2               ./main.o
Syc                 0x2               ./main.o
Syc2                0x2               ./main.o

Memory Configuration

Name             Origin             Length             Attributes
text             0x00000000         0x00020000         xr
data             0x00800060         0x0000ffa0         rw !x
eeprom           0x00810000         0x00010000         rw !x
fuse             0x00820000         0x00000400         rw !x
lock             0x00830000         0x00000400         rw !x
signature        0x00840000         0x00000400         rw !x
*default*        0x00000000         0xffffffff

Linker script and memory map

LOAD d:/computer_science/embeded_systems/imt/sdk/imt_sdk_win_64/imt_sdk_win_64/winavr/bin/../lib/gcc/avr/4.3.3/../../../../avr/lib/avr5/crtm32.o
LOAD ./RTOS/croutine.o
LOAD ./RTOS/heap_1.o
LOAD ./RTOS/list.o
LOAD ./RTOS/port.o
LOAD ./RTOS/queue.o
LOAD ./RTOS/tasks.o
LOAD ./RTOS/timers.o
LOAD ./MCAL/DIO/DIO.o
LOAD ./HAL/LCD/LCD_Program.o
LOAD ./HAL/Keybad/Keybad.o
LOAD ./main.o
LOAD d:/computer_science/embeded_systems/imt/sdk/imt_sdk_win_64/imt_sdk_win_64/winavr/bin/../lib/gcc/avr/4.3.3/avr5\libgcc.a
LOAD d:/computer_science/embeded_systems/imt/sdk/imt_sdk_win_64/imt_sdk_win_64/winavr/bin/../lib/gcc/avr/4.3.3/../../../../avr/lib/avr5\libc.a
LOAD d:/computer_science/embeded_systems/imt/sdk/imt_sdk_win_64/imt_sdk_win_64/winavr/bin/../lib/gcc/avr/4.3.3/avr5\libgcc.a

.hash
 *(.hash)

.dynsym
 *(.dynsym)

.dynstr
 *(.dynstr)

.gnu.version
 *(.gnu.version)

.gnu.version_d
 *(.gnu.version_d)

.gnu.version_r
 *(.gnu.version_r)

.rel.init
 *(.rel.init)

.rela.init
 *(.rela.init)

.rel.text
 *(.rel.text)
 *(.rel.text.*)
 *(.rel.gnu.linkonce.t*)

.rela.text
 *(.rela.text)
 *(.rela.text.*)
 *(.rela.gnu.linkonce.t*)

.rel.fini
 *(.rel.fini)

.rela.fini
 *(.rela.fini)

.rel.rodata
 *(.rel.rodata)
 *(.rel.rodata.*)
 *(.rel.gnu.linkonce.r*)

.rela.rodata
 *(.rela.rodata)
 *(.rela.rodata.*)
 *(.rela.gnu.linkonce.r*)

.rel.data
 *(.rel.data)
 *(.rel.data.*)
 *(.rel.gnu.linkonce.d*)

.rela.data
 *(.rela.data)
 *(.rela.data.*)
 *(.rela.gnu.linkonce.d*)

.rel.ctors
 *(.rel.ctors)

.rela.ctors
 *(.rela.ctors)

.rel.dtors
 *(.rel.dtors)

.rela.dtors
 *(.rela.dtors)

.rel.got
 *(.rel.got)

.rela.got
 *(.rela.got)

.rel.bss
 *(.rel.bss)

.rela.bss
 *(.rela.bss)

.rel.plt
 *(.rel.plt)

.rela.plt
 *(.rela.plt)

.text           0x00000000     0x5890
 *(.vectors)
 .vectors       0x00000000       0x54 d:/computer_science/embeded_systems/imt/sdk/imt_sdk_win_64/imt_sdk_win_64/winavr/bin/../lib/gcc/avr/4.3.3/../../../../avr/lib/avr5/crtm32.o
                0x00000000                __vectors
                0x00000000                __vector_default
 *(.vectors)
 *(.progmem.gcc*)
 *(.progmem*)
                0x00000054                . = ALIGN (0x2)
                0x00000054                __trampolines_start = .
 *(.trampolines)
 .trampolines   0x00000054        0x0 linker stubs
 *(.trampolines*)
                0x00000054                __trampolines_end = .
 *(.jumptables)
 *(.jumptables*)
 *(.lowtext)
 *(.lowtext*)
                0x00000054                __ctors_start = .
 *(.ctors)
                0x00000054                __ctors_end = .
                0x00000054                __dtors_start = .
 *(.dtors)
                0x00000054                __dtors_end = .
 SORT(*)(.ctors)
 SORT(*)(.dtors)
 *(.init0)
 .init0         0x00000054        0x0 d:/computer_science/embeded_systems/imt/sdk/imt_sdk_win_64/imt_sdk_win_64/winavr/bin/../lib/gcc/avr/4.3.3/../../../../avr/lib/avr5/crtm32.o
                0x00000054                __init
 *(.init0)
 *(.init1)
 *(.init1)
 *(.init2)
 .init2         0x00000054        0xc d:/computer_science/embeded_systems/imt/sdk/imt_sdk_win_64/imt_sdk_win_64/winavr/bin/../lib/gcc/avr/4.3.3/../../../../avr/lib/avr5/crtm32.o
 *(.init2)
 *(.init3)
 *(.init3)
 *(.init4)
 .init4         0x00000060       0x16 d:/computer_science/embeded_systems/imt/sdk/imt_sdk_win_64/imt_sdk_win_64/winavr/bin/../lib/gcc/avr/4.3.3/avr5\libgcc.a(_copy_data.o)
                0x00000060                __do_copy_data
 .init4         0x00000076       0x10 d:/computer_science/embeded_systems/imt/sdk/imt_sdk_win_64/imt_sdk_win_64/winavr/bin/../lib/gcc/avr/4.3.3/avr5\libgcc.a(_clear_bss.o)
                0x00000076                __do_clear_bss
 *(.init4)
 *(.init5)
 *(.init5)
 *(.init6)
 *(.init6)
 *(.init7)
 *(.init7)
 *(.init8)
 *(.init8)
 *(.init9)
 .init9         0x00000086        0x8 d:/computer_science/embeded_systems/imt/sdk/imt_sdk_win_64/imt_sdk_win_64/winavr/bin/../lib/gcc/avr/4.3.3/../../../../avr/lib/avr5/crtm32.o
 *(.init9)
 *(.text)
 .text          0x0000008e        0x4 d:/computer_science/embeded_systems/imt/sdk/imt_sdk_win_64/imt_sdk_win_64/winavr/bin/../lib/gcc/avr/4.3.3/../../../../avr/lib/avr5/crtm32.o
                0x0000008e                __vector_1
                0x0000008e                __vector_12
                0x0000008e                __bad_interrupt
                0x0000008e                __vector_6
                0x0000008e                __vector_3
                0x0000008e                __vector_11
                0x0000008e                __vector_13
                0x0000008e                __vector_17
                0x0000008e                __vector_19
                0x0000008e                __vector_5
                0x0000008e                __vector_4
                0x0000008e                __vector_9
                0x0000008e                __vector_2
                0x0000008e                __vector_15
                0x0000008e                __vector_8
                0x0000008e                __vector_14
                0x0000008e                __vector_10
                0x0000008e                __vector_16
                0x0000008e                __vector_18
                0x0000008e                __vector_20
 .text          0x00000092        0x0 ./RTOS/croutine.o
 .text          0x00000092        0x0 ./RTOS/heap_1.o
 .text          0x00000092        0x0 ./RTOS/list.o
 .text          0x00000092        0x0 ./RTOS/port.o
 .text          0x00000092        0x0 ./RTOS/queue.o
 .text          0x00000092        0x0 ./RTOS/tasks.o
 .text          0x00000092        0x0 ./RTOS/timers.o
 .text          0x00000092        0x0 ./MCAL/DIO/DIO.o
 .text          0x00000092        0x0 ./HAL/LCD/LCD_Program.o
 .text          0x00000092        0x0 ./HAL/Keybad/Keybad.o
 .text          0x00000092        0x0 ./main.o
 .text          0x00000092        0x0 d:/computer_science/embeded_systems/imt/sdk/imt_sdk_win_64/imt_sdk_win_64/winavr/bin/../lib/gcc/avr/4.3.3/avr5\libgcc.a(_udivmodqi4.o)
 .text          0x00000092        0x0 d:/computer_science/embeded_systems/imt/sdk/imt_sdk_win_64/imt_sdk_win_64/winavr/bin/../lib/gcc/avr/4.3.3/avr5\libgcc.a(_udivmodhi4.o)
 .text          0x00000092        0x0 d:/computer_science/embeded_systems/imt/sdk/imt_sdk_win_64/imt_sdk_win_64/winavr/bin/../lib/gcc/avr/4.3.3/avr5\libgcc.a(_exit.o)
 .text          0x00000092        0x0 d:/computer_science/embeded_systems/imt/sdk/imt_sdk_win_64/imt_sdk_win_64/winavr/bin/../lib/gcc/avr/4.3.3/avr5\libgcc.a(_copy_data.o)
 .text          0x00000092        0x0 d:/computer_science/embeded_systems/imt/sdk/imt_sdk_win_64/imt_sdk_win_64/winavr/bin/../lib/gcc/avr/4.3.3/avr5\libgcc.a(_clear_bss.o)
 .text          0x00000092       0x58 d:/computer_science/embeded_systems/imt/sdk/imt_sdk_win_64/imt_sdk_win_64/winavr/bin/../lib/gcc/avr/4.3.3/avr5\libgcc.a(_fixunssfsi.o)
                0x00000092                __fixunssfsi
 .text          0x000000ea      0x354 d:/computer_science/embeded_systems/imt/sdk/imt_sdk_win_64/imt_sdk_win_64/winavr/bin/../lib/gcc/avr/4.3.3/avr5\libgcc.a(_addsub_sf.o)
                0x00000382                __subsf3
                0x000003e4                __addsf3
 .text          0x0000043e      0x1f4 d:/computer_science/embeded_systems/imt/sdk/imt_sdk_win_64/imt_sdk_win_64/winavr/bin/../lib/gcc/avr/4.3.3/avr5\libgcc.a(_mul_sf.o)
                0x0000043e                __mulsf3
 .text          0x00000632       0x60 d:/computer_science/embeded_systems/imt/sdk/imt_sdk_win_64/imt_sdk_win_64/winavr/bin/../lib/gcc/avr/4.3.3/avr5\libgcc.a(_gt_sf.o)
                0x00000632                __gtsf2
 .text          0x00000692       0x60 d:/computer_science/embeded_systems/imt/sdk/imt_sdk_win_64/imt_sdk_win_64/winavr/bin/../lib/gcc/avr/4.3.3/avr5\libgcc.a(_ge_sf.o)
                0x00000692                __gesf2
 .text          0x000006f2       0x60 d:/computer_science/embeded_systems/imt/sdk/imt_sdk_win_64/imt_sdk_win_64/winavr/bin/../lib/gcc/avr/4.3.3/avr5\libgcc.a(_lt_sf.o)
                0x000006f2                __ltsf2
 .text          0x00000752       0xa8 d:/computer_science/embeded_systems/imt/sdk/imt_sdk_win_64/imt_sdk_win_64/winavr/bin/../lib/gcc/avr/4.3.3/avr5\libgcc.a(_sf_to_si.o)
                0x00000752                __fixsfsi
 .text          0x000007fa        0x0 d:/computer_science/embeded_systems/imt/sdk/imt_sdk_win_64/imt_sdk_win_64/winavr/bin/../lib/gcc/avr/4.3.3/avr5\libgcc.a(_thenan_sf.o)
 .text          0x000007fa        0x0 d:/computer_science/embeded_systems/imt/sdk/imt_sdk_win_64/imt_sdk_win_64/winavr/bin/../lib/gcc/avr/4.3.3/avr5\libgcc.a(_prologue.o)
 .text          0x000007fa        0x0 d:/computer_science/embeded_systems/imt/sdk/imt_sdk_win_64/imt_sdk_win_64/winavr/bin/../lib/gcc/avr/4.3.3/avr5\libgcc.a(_epilogue.o)
 .text          0x000007fa      0x1aa d:/computer_science/embeded_systems/imt/sdk/imt_sdk_win_64/imt_sdk_win_64/winavr/bin/../lib/gcc/avr/4.3.3/avr5\libgcc.a(_pack_sf.o)
                0x000007fa                __pack_f
 .text          0x000009a4       0xf0 d:/computer_science/embeded_systems/imt/sdk/imt_sdk_win_64/imt_sdk_win_64/winavr/bin/../lib/gcc/avr/4.3.3/avr5\libgcc.a(_unpack_sf.o)
                0x000009a4                __unpack_f
 .text          0x00000a94       0xb2 d:/computer_science/embeded_systems/imt/sdk/imt_sdk_win_64/imt_sdk_win_64/winavr/bin/../lib/gcc/avr/4.3.3/avr5\libgcc.a(_fpcmp_parts_sf.o)
                0x00000a94                __fpcmp_parts_f
 .text          0x00000b46        0x0 d:/computer_science/embeded_systems/imt/sdk/imt_sdk_win_64/imt_sdk_win_64/winavr/bin/../lib/gcc/avr/4.3.3/../../../../avr/lib/avr5\libc.a(memcpy.o)
 .text          0x00000b46        0x0 d:/computer_science/embeded_systems/imt/sdk/imt_sdk_win_64/imt_sdk_win_64/winavr/bin/../lib/gcc/avr/4.3.3/../../../../avr/lib/avr5\libc.a(memset.o)
 .text          0x00000b46        0x0 d:/computer_science/embeded_systems/imt/sdk/imt_sdk_win_64/imt_sdk_win_64/winavr/bin/../lib/gcc/avr/4.3.3/../../../../avr/lib/avr5\libc.a(strncpy.o)
                0x00000b46                . = ALIGN (0x2)
 *(.text.*)
 .text.xCoRoutineCreate
                0x00000b46      0x128 ./RTOS/croutine.o
                0x00000b46                xCoRoutineCreate
 .text.vCoRoutineAddToDelayedList
                0x00000c6e       0xc2 ./RTOS/croutine.o
                0x00000c6e                vCoRoutineAddToDelayedList
 .text.prvCheckPendingReadyList
                0x00000d30       0x94 ./RTOS/croutine.o
 .text.prvCheckDelayedList
                0x00000dc4      0x15c ./RTOS/croutine.o
 .text.vCoRoutineSchedule
                0x00000f20       0xf4 ./RTOS/croutine.o
                0x00000f20                vCoRoutineSchedule
 .text.prvInitialiseCoRoutineLists
                0x00001014       0x72 ./RTOS/croutine.o
 .text.xCoRoutineRemoveFromEventList
                0x00001086       0x70 ./RTOS/croutine.o
                0x00001086                xCoRoutineRemoveFromEventList
 .text.pvPortMalloc
                0x000010f6       0x8c ./RTOS/heap_1.o
                0x000010f6                pvPortMalloc
 .text.vPortFree
                0x00001182       0x18 ./RTOS/heap_1.o
                0x00001182                vPortFree
 .text.vPortInitialiseBlocks
                0x0000119a       0x16 ./RTOS/heap_1.o
                0x0000119a                vPortInitialiseBlocks
 .text.xPortGetFreeHeapSize
                0x000011b0       0x1e ./RTOS/heap_1.o
                0x000011b0                xPortGetFreeHeapSize
 .text.vListInitialise
                0x000011ce       0x54 ./RTOS/list.o
                0x000011ce                vListInitialise
 .text.vListInitialiseItem
                0x00001222       0x20 ./RTOS/list.o
                0x00001222                vListInitialiseItem
 .text.vListInsertEnd
                0x00001242       0x98 ./RTOS/list.o
                0x00001242                vListInsertEnd
 .text.vListInsert
                0x000012da       0xd8 ./RTOS/list.o
                0x000012da                vListInsert
 .text.vListRemove
                0x000013b2       0x92 ./RTOS/list.o
                0x000013b2                vListRemove
 .text.pxPortInitialiseStack
                0x00001444      0x306 ./RTOS/port.o
                0x00001444                pxPortInitialiseStack
 .text.xPortStartScheduler
                0x0000174a       0x6a ./RTOS/port.o
                0x0000174a                xPortStartScheduler
 .text.vPortEndScheduler
                0x000017b4        0xe ./RTOS/port.o
                0x000017b4                vPortEndScheduler
 .text.vPortYield
                0x000017c2       0xb2 ./RTOS/port.o
                0x000017c2                vPortYield
 .text.vPortYieldFromTick
                0x00001874       0xb6 ./RTOS/port.o
                0x00001874                vPortYieldFromTick
 .text.prvSetupTimerInterrupt
                0x0000192a       0xb8 ./RTOS/port.o
 .text.__vector_7
                0x000019e2        0x6 ./RTOS/port.o
                0x000019e2                __vector_7
 .text.xQueueCreate
                0x000019e8      0x152 ./RTOS/queue.o
                0x000019e8                xQueueCreate
 .text.xQueueCreateMutex
                0x00001b3a       0x96 ./RTOS/queue.o
                0x00001b3a                xQueueCreateMutex
 .text.xQueueCreateCountingSemaphore
                0x00001bd0       0x3e ./RTOS/queue.o
                0x00001bd0                xQueueCreateCountingSemaphore
 .text.xQueueGenericSend
                0x00001c0e      0x13c ./RTOS/queue.o
                0x00001c0e                xQueueGenericSend
 .text.xQueueGenericSendFromISR
                0x00001d4a       0x9a ./RTOS/queue.o
                0x00001d4a                xQueueGenericSendFromISR
 .text.xQueueGenericReceive
                0x00001de4      0x1ba ./RTOS/queue.o
                0x00001de4                xQueueGenericReceive
 .text.xQueueReceiveFromISR
                0x00001f9e       0x9e ./RTOS/queue.o
                0x00001f9e                xQueueReceiveFromISR
 .text.uxQueueMessagesWaiting
                0x0000203c       0x30 ./RTOS/queue.o
                0x0000203c                uxQueueMessagesWaiting
 .text.uxQueueMessagesWaitingFromISR
                0x0000206c       0x26 ./RTOS/queue.o
                0x0000206c                uxQueueMessagesWaitingFromISR
 .text.vQueueDelete
                0x00002092       0x2c ./RTOS/queue.o
                0x00002092                vQueueDelete
 .text.prvCopyDataToQueue
                0x000020be      0x14c ./RTOS/queue.o
 .text.prvCopyDataFromQueue
                0x0000220a       0x90 ./RTOS/queue.o
 .text.prvUnlockQueue
                0x0000229a       0xa8 ./RTOS/queue.o
 .text.prvIsQueueEmpty
                0x00002342       0x38 ./RTOS/queue.o
 .text.xQueueIsQueueEmptyFromISR
                0x0000237a       0x2e ./RTOS/queue.o
                0x0000237a                xQueueIsQueueEmptyFromISR
 .text.prvIsQueueFull
                0x000023a8       0x3e ./RTOS/queue.o
 .text.xQueueIsQueueFullFromISR
                0x000023e6       0x34 ./RTOS/queue.o
                0x000023e6                xQueueIsQueueFullFromISR
 .text.xTaskGenericCreate
                0x0000241a      0x1da ./RTOS/tasks.o
                0x0000241a                xTaskGenericCreate
 .text.vTaskDelete
                0x000025f4       0xc6 ./RTOS/tasks.o
                0x000025f4                vTaskDelete
 .text.vTaskDelayUntil
                0x000026ba       0xe8 ./RTOS/tasks.o
                0x000026ba                vTaskDelayUntil
 .text.vTaskDelay
                0x000027a2       0x6a ./RTOS/tasks.o
                0x000027a2                vTaskDelay
 .text.vTaskStartScheduler
                0x0000280c       0x6e ./RTOS/tasks.o
                0x0000280c                vTaskStartScheduler
 .text.vTaskEndScheduler
                0x0000287a       0x18 ./RTOS/tasks.o
                0x0000287a                vTaskEndScheduler
 .text.vTaskSuspendAll
                0x00002892       0x18 ./RTOS/tasks.o
                0x00002892                vTaskSuspendAll
 .text.xTaskResumeAll
                0x000028aa      0x114 ./RTOS/tasks.o
                0x000028aa                xTaskResumeAll
 .text.xTaskGetTickCount
                0x000029be       0x2e ./RTOS/tasks.o
                0x000029be                xTaskGetTickCount
 .text.xTaskGetTickCountFromISR
                0x000029ec       0x2a ./RTOS/tasks.o
                0x000029ec                xTaskGetTickCountFromISR
 .text.uxTaskGetNumberOfTasks
                0x00002a16       0x12 ./RTOS/tasks.o
                0x00002a16                uxTaskGetNumberOfTasks
 .text.vTaskIncrementTick
                0x00002a28      0x1aa ./RTOS/tasks.o
                0x00002a28                vTaskIncrementTick
 .text.vTaskSwitchContext
                0x00002bd2       0xcc ./RTOS/tasks.o
                0x00002bd2                vTaskSwitchContext
 .text.vTaskPlaceOnEventList
                0x00002c9e       0x6c ./RTOS/tasks.o
                0x00002c9e                vTaskPlaceOnEventList
 .text.xTaskRemoveFromEventList
                0x00002d0a       0xd0 ./RTOS/tasks.o
                0x00002d0a                xTaskRemoveFromEventList
 .text.vTaskSetTimeOutState
                0x00002dda       0x32 ./RTOS/tasks.o
                0x00002dda                vTaskSetTimeOutState
 .text.xTaskCheckForTimeOut
                0x00002e0c       0xba ./RTOS/tasks.o
                0x00002e0c                xTaskCheckForTimeOut
 .text.vTaskMissedYield
                0x00002ec6       0x14 ./RTOS/tasks.o
                0x00002ec6                vTaskMissedYield
 .text.prvIdleTask
                0x00002eda       0x14 ./RTOS/tasks.o
 .text.prvInitialiseTCBVariables
                0x00002eee       0xb6 ./RTOS/tasks.o
 .text.prvInitialiseTaskLists
                0x00002fa4       0x7a ./RTOS/tasks.o
 .text.prvCheckTasksWaitingTermination
                0x0000301e       0x7c ./RTOS/tasks.o
 .text.prvAddCurrentTaskToDelayedList
                0x0000309a       0x92 ./RTOS/tasks.o
 .text.prvAllocateTCBAndStack
                0x0000312c       0xa0 ./RTOS/tasks.o
 .text.prvDeleteTCB
                0x000031cc       0x2c ./RTOS/tasks.o
 .text.xTaskGetCurrentTaskHandle
                0x000031f8       0x24 ./RTOS/tasks.o
                0x000031f8                xTaskGetCurrentTaskHandle
 .text.vTaskPriorityInherit
                0x0000321c      0x100 ./RTOS/tasks.o
                0x0000321c                vTaskPriorityInherit
 .text.vTaskPriorityDisinherit
                0x0000331c       0xbe ./RTOS/tasks.o
                0x0000331c                vTaskPriorityDisinherit
 .text.DIO_vSetPinDirection
                0x000033da      0x42e ./MCAL/DIO/DIO.o
                0x000033da                DIO_vSetPinDirection
 .text.DIO_vWritePin
                0x00003808      0x22e ./MCAL/DIO/DIO.o
                0x00003808                DIO_vWritePin
 .text.DIO_u8GetPinValue
                0x00003a36      0x156 ./MCAL/DIO/DIO.o
                0x00003a36                DIO_u8GetPinValue
 .text.DIO_vTogglePin
                0x00003b8c       0xfa ./MCAL/DIO/DIO.o
                0x00003b8c                DIO_vTogglePin
 .text.DIO_vSetPortDirection
                0x00003c86      0x1ac ./MCAL/DIO/DIO.o
                0x00003c86                DIO_vSetPortDirection
 .text.DIO_vWritePort
                0x00003e32      0x128 ./MCAL/DIO/DIO.o
                0x00003e32                DIO_vWritePort
 .text.DIO_vTogglrPort
                0x00003f5a       0xae ./MCAL/DIO/DIO.o
                0x00003f5a                DIO_vTogglrPort
 .text.DIO_vWritePortValue
                0x00004008       0x82 ./MCAL/DIO/DIO.o
                0x00004008                DIO_vWritePortValue
 .text.LCD_vWriteCommand
                0x0000408a      0x320 ./HAL/LCD/LCD_Program.o
                0x0000408a                LCD_vWriteCommand
 .text.LCD_vWriteChar
                0x000043aa      0x320 ./HAL/LCD/LCD_Program.o
                0x000043aa                LCD_vWriteChar
 .text.LCD_vInit
                0x000046ca      0x262 ./HAL/LCD/LCD_Program.o
                0x000046ca                LCD_vInit
 .text.LCD_vGotoxy
                0x0000492c       0x58 ./HAL/LCD/LCD_Program.o
                0x0000492c                LCD_vGotoxy
 .text.LCD_vClear
                0x00004984       0x14 ./HAL/LCD/LCD_Program.o
                0x00004984                LCD_vClear
 .text.LCD_vSendString
                0x00004998       0x52 ./HAL/LCD/LCD_Program.o
                0x00004998                LCD_vSendString
 .text.Log_voidPrintNumber
                0x000049ea      0x306 ./HAL/LCD/LCD_Program.o
                0x000049ea                Log_voidPrintNumber
 .text.HLCD_voidWriteNumber
                0x00004cf0      0x1bc ./HAL/LCD/LCD_Program.o
                0x00004cf0                HLCD_voidWriteNumber
 .text.Keybad_Initia
                0x00004eac       0x66 ./HAL/Keybad/Keybad.o
                0x00004eac                Keybad_Initia
 .text.Keybad_getpressed
                0x00004f12      0x190 ./HAL/Keybad/Keybad.o
                0x00004f12                Keybad_getpressed
 .text.System_Intia
                0x000050a2       0x74 ./main.o
                0x000050a2                System_Intia
 .text.main     0x00005116       0xe2 ./main.o
                0x00005116                main
 .text.SIGN_IN  0x000051f8      0x24a ./main.o
                0x000051f8                SIGN_IN
 .text.CHECK    0x00005442       0x8a ./main.o
                0x00005442                CHECK
 .text.LOG_IN   0x000054cc      0x226 ./main.o
                0x000054cc                LOG_IN
 .text.Motor    0x000056f2       0x4c ./main.o
                0x000056f2                Motor
 .text.LEDS     0x0000573e       0x62 ./main.o
                0x0000573e                LEDS
 .text.libgcc   0x000057a0       0x18 d:/computer_science/embeded_systems/imt/sdk/imt_sdk_win_64/imt_sdk_win_64/winavr/bin/../lib/gcc/avr/4.3.3/avr5\libgcc.a(_udivmodqi4.o)
                0x000057a0                __udivmodqi4
 .text.libgcc   0x000057b8       0x28 d:/computer_science/embeded_systems/imt/sdk/imt_sdk_win_64/imt_sdk_win_64/winavr/bin/../lib/gcc/avr/4.3.3/avr5\libgcc.a(_udivmodhi4.o)
                0x000057b8                __udivmodhi4
 .text.libgcc   0x000057e0        0x0 d:/computer_science/embeded_systems/imt/sdk/imt_sdk_win_64/imt_sdk_win_64/winavr/bin/../lib/gcc/avr/4.3.3/avr5\libgcc.a(_exit.o)
 .text.libgcc   0x000057e0        0x0 d:/computer_science/embeded_systems/imt/sdk/imt_sdk_win_64/imt_sdk_win_64/winavr/bin/../lib/gcc/avr/4.3.3/avr5\libgcc.a(_copy_data.o)
 .text.libgcc   0x000057e0        0x0 d:/computer_science/embeded_systems/imt/sdk/imt_sdk_win_64/imt_sdk_win_64/winavr/bin/../lib/gcc/avr/4.3.3/avr5\libgcc.a(_clear_bss.o)
 .text.libgcc   0x000057e0       0x38 d:/computer_science/embeded_systems/imt/sdk/imt_sdk_win_64/imt_sdk_win_64/winavr/bin/../lib/gcc/avr/4.3.3/avr5\libgcc.a(_prologue.o)
                0x000057e0                __prologue_saves__
 .text.libgcc   0x00005818       0x36 d:/computer_science/embeded_systems/imt/sdk/imt_sdk_win_64/imt_sdk_win_64/winavr/bin/../lib/gcc/avr/4.3.3/avr5\libgcc.a(_epilogue.o)
                0x00005818                __epilogue_restores__
 .text.avr-libc
                0x0000584e       0x12 d:/computer_science/embeded_systems/imt/sdk/imt_sdk_win_64/imt_sdk_win_64/winavr/bin/../lib/gcc/avr/4.3.3/../../../../avr/lib/avr5\libc.a(memcpy.o)
                0x0000584e                memcpy
 .text.avr-libc
                0x00005860        0xe d:/computer_science/embeded_systems/imt/sdk/imt_sdk_win_64/imt_sdk_win_64/winavr/bin/../lib/gcc/avr/4.3.3/../../../../avr/lib/avr5\libc.a(memset.o)
                0x00005860                memset
 .text.avr-libc
                0x0000586e       0x1e d:/computer_science/embeded_systems/imt/sdk/imt_sdk_win_64/imt_sdk_win_64/winavr/bin/../lib/gcc/avr/4.3.3/../../../../avr/lib/avr5\libc.a(strncpy.o)
                0x0000586e                strncpy
                0x0000588c                . = ALIGN (0x2)
 *(.fini9)
 .fini9         0x0000588c        0x0 d:/computer_science/embeded_systems/imt/sdk/imt_sdk_win_64/imt_sdk_win_64/winavr/bin/../lib/gcc/avr/4.3.3/avr5\libgcc.a(_exit.o)
                0x0000588c                exit
                0x0000588c                _exit
 *(.fini9)
 *(.fini8)
 *(.fini8)
 *(.fini7)
 *(.fini7)
 *(.fini6)
 *(.fini6)
 *(.fini5)
 *(.fini5)
 *(.fini4)
 *(.fini4)
 *(.fini3)
 *(.fini3)
 *(.fini2)
 *(.fini2)
 *(.fini1)
 *(.fini1)
 *(.fini0)
 .fini0         0x0000588c        0x4 d:/computer_science/embeded_systems/imt/sdk/imt_sdk_win_64/imt_sdk_win_64/winavr/bin/../lib/gcc/avr/4.3.3/avr5\libgcc.a(_exit.o)
 *(.fini0)
                0x00005890                _etext = .

.data           0x00800060       0xd4 load address 0x00005890
                0x00800060                PROVIDE (__data_start, .)
 *(.data)
 .data          0x00800060        0x0 d:/computer_science/embeded_systems/imt/sdk/imt_sdk_win_64/imt_sdk_win_64/winavr/bin/../lib/gcc/avr/4.3.3/../../../../avr/lib/avr5/crtm32.o
 .data          0x00800060        0x0 ./RTOS/croutine.o
 .data          0x00800060        0x0 ./RTOS/heap_1.o
 .data          0x00800060        0x0 ./RTOS/list.o
 .data          0x00800060        0x0 ./RTOS/port.o
 .data          0x00800060        0x0 ./RTOS/queue.o
 .data          0x00800060        0x5 ./RTOS/tasks.o
 .data          0x00800065        0x0 ./RTOS/timers.o
 .data          0x00800065        0x0 ./MCAL/DIO/DIO.o
 .data          0x00800065        0x0 ./HAL/LCD/LCD_Program.o
 .data          0x00800065        0x0 ./HAL/Keybad/Keybad.o
 .data          0x00800065       0xb5 ./main.o
 .data          0x0080011a        0x0 d:/computer_science/embeded_systems/imt/sdk/imt_sdk_win_64/imt_sdk_win_64/winavr/bin/../lib/gcc/avr/4.3.3/avr5\libgcc.a(_udivmodqi4.o)
 .data          0x0080011a        0x0 d:/computer_science/embeded_systems/imt/sdk/imt_sdk_win_64/imt_sdk_win_64/winavr/bin/../lib/gcc/avr/4.3.3/avr5\libgcc.a(_udivmodhi4.o)
 .data          0x0080011a        0x0 d:/computer_science/embeded_systems/imt/sdk/imt_sdk_win_64/imt_sdk_win_64/winavr/bin/../lib/gcc/avr/4.3.3/avr5\libgcc.a(_exit.o)
 .data          0x0080011a        0x0 d:/computer_science/embeded_systems/imt/sdk/imt_sdk_win_64/imt_sdk_win_64/winavr/bin/../lib/gcc/avr/4.3.3/avr5\libgcc.a(_copy_data.o)
 .data          0x0080011a        0x0 d:/computer_science/embeded_systems/imt/sdk/imt_sdk_win_64/imt_sdk_win_64/winavr/bin/../lib/gcc/avr/4.3.3/avr5\libgcc.a(_clear_bss.o)
 .data          0x0080011a        0x0 d:/computer_science/embeded_systems/imt/sdk/imt_sdk_win_64/imt_sdk_win_64/winavr/bin/../lib/gcc/avr/4.3.3/avr5\libgcc.a(_fixunssfsi.o)
 .data          0x0080011a        0x0 d:/computer_science/embeded_systems/imt/sdk/imt_sdk_win_64/imt_sdk_win_64/winavr/bin/../lib/gcc/avr/4.3.3/avr5\libgcc.a(_addsub_sf.o)
 .data          0x0080011a        0x0 d:/computer_science/embeded_systems/imt/sdk/imt_sdk_win_64/imt_sdk_win_64/winavr/bin/../lib/gcc/avr/4.3.3/avr5\libgcc.a(_mul_sf.o)
 .data          0x0080011a        0x0 d:/computer_science/embeded_systems/imt/sdk/imt_sdk_win_64/imt_sdk_win_64/winavr/bin/../lib/gcc/avr/4.3.3/avr5\libgcc.a(_gt_sf.o)
 .data          0x0080011a        0x0 d:/computer_science/embeded_systems/imt/sdk/imt_sdk_win_64/imt_sdk_win_64/winavr/bin/../lib/gcc/avr/4.3.3/avr5\libgcc.a(_ge_sf.o)
 .data          0x0080011a        0x0 d:/computer_science/embeded_systems/imt/sdk/imt_sdk_win_64/imt_sdk_win_64/winavr/bin/../lib/gcc/avr/4.3.3/avr5\libgcc.a(_lt_sf.o)
 .data          0x0080011a        0x0 d:/computer_science/embeded_systems/imt/sdk/imt_sdk_win_64/imt_sdk_win_64/winavr/bin/../lib/gcc/avr/4.3.3/avr5\libgcc.a(_sf_to_si.o)
 .data          0x0080011a        0x8 d:/computer_science/embeded_systems/imt/sdk/imt_sdk_win_64/imt_sdk_win_64/winavr/bin/../lib/gcc/avr/4.3.3/avr5\libgcc.a(_thenan_sf.o)
                0x0080011a                __thenan_sf
 .data          0x00800122        0x0 d:/computer_science/embeded_systems/imt/sdk/imt_sdk_win_64/imt_sdk_win_64/winavr/bin/../lib/gcc/avr/4.3.3/avr5\libgcc.a(_prologue.o)
 .data          0x00800122        0x0 d:/computer_science/embeded_systems/imt/sdk/imt_sdk_win_64/imt_sdk_win_64/winavr/bin/../lib/gcc/avr/4.3.3/avr5\libgcc.a(_epilogue.o)
 .data          0x00800122        0x0 d:/computer_science/embeded_systems/imt/sdk/imt_sdk_win_64/imt_sdk_win_64/winavr/bin/../lib/gcc/avr/4.3.3/avr5\libgcc.a(_pack_sf.o)
 .data          0x00800122        0x0 d:/computer_science/embeded_systems/imt/sdk/imt_sdk_win_64/imt_sdk_win_64/winavr/bin/../lib/gcc/avr/4.3.3/avr5\libgcc.a(_unpack_sf.o)
 .data          0x00800122        0x0 d:/computer_science/embeded_systems/imt/sdk/imt_sdk_win_64/imt_sdk_win_64/winavr/bin/../lib/gcc/avr/4.3.3/avr5\libgcc.a(_fpcmp_parts_sf.o)
 .data          0x00800122        0x0 d:/computer_science/embeded_systems/imt/sdk/imt_sdk_win_64/imt_sdk_win_64/winavr/bin/../lib/gcc/avr/4.3.3/../../../../avr/lib/avr5\libc.a(memcpy.o)
 .data          0x00800122        0x0 d:/computer_science/embeded_systems/imt/sdk/imt_sdk_win_64/imt_sdk_win_64/winavr/bin/../lib/gcc/avr/4.3.3/../../../../avr/lib/avr5\libc.a(memset.o)
 .data          0x00800122        0x0 d:/computer_science/embeded_systems/imt/sdk/imt_sdk_win_64/imt_sdk_win_64/winavr/bin/../lib/gcc/avr/4.3.3/../../../../avr/lib/avr5\libc.a(strncpy.o)
 *(.data*)
 .data.xNextTaskUnblockTime
                0x00800122        0x2 ./RTOS/tasks.o
 *(.rodata)
 *(.rodata*)
 .rodata.Keybad_value
                0x00800124       0x10 ./HAL/Keybad/Keybad.o
                0x00800124                Keybad_value
 *(.gnu.linkonce.d*)
                0x00800134                . = ALIGN (0x2)
                0x00800134                _edata = .
                0x00800134                PROVIDE (__data_end, .)

.bss            0x00800134      0x4aa
                0x00800134                PROVIDE (__bss_start, .)
 *(.bss)
 .bss           0x00800134        0x0 d:/computer_science/embeded_systems/imt/sdk/imt_sdk_win_64/imt_sdk_win_64/winavr/bin/../lib/gcc/avr/4.3.3/../../../../avr/lib/avr5/crtm32.o
 .bss           0x00800134        0x0 ./RTOS/croutine.o
 .bss           0x00800134        0x0 ./RTOS/heap_1.o
 .bss           0x00800134        0x0 ./RTOS/list.o
 .bss           0x00800134        0x0 ./RTOS/port.o
 .bss           0x00800134        0x0 ./RTOS/queue.o
 .bss           0x00800134        0x0 ./RTOS/tasks.o
 .bss           0x00800134        0x0 ./RTOS/timers.o
 .bss           0x00800134        0x0 ./MCAL/DIO/DIO.o
 .bss           0x00800134        0x0 ./HAL/LCD/LCD_Program.o
 .bss           0x00800134        0x0 ./HAL/Keybad/Keybad.o
 .bss           0x00800134        0x0 ./main.o
 .bss           0x00800134        0x0 d:/computer_science/embeded_systems/imt/sdk/imt_sdk_win_64/imt_sdk_win_64/winavr/bin/../lib/gcc/avr/4.3.3/avr5\libgcc.a(_udivmodqi4.o)
 .bss           0x00800134        0x0 d:/computer_science/embeded_systems/imt/sdk/imt_sdk_win_64/imt_sdk_win_64/winavr/bin/../lib/gcc/avr/4.3.3/avr5\libgcc.a(_udivmodhi4.o)
 .bss           0x00800134        0x0 d:/computer_science/embeded_systems/imt/sdk/imt_sdk_win_64/imt_sdk_win_64/winavr/bin/../lib/gcc/avr/4.3.3/avr5\libgcc.a(_exit.o)
 .bss           0x00800134        0x0 d:/computer_science/embeded_systems/imt/sdk/imt_sdk_win_64/imt_sdk_win_64/winavr/bin/../lib/gcc/avr/4.3.3/avr5\libgcc.a(_copy_data.o)
 .bss           0x00800134        0x0 d:/computer_science/embeded_systems/imt/sdk/imt_sdk_win_64/imt_sdk_win_64/winavr/bin/../lib/gcc/avr/4.3.3/avr5\libgcc.a(_clear_bss.o)
 .bss           0x00800134        0x0 d:/computer_science/embeded_systems/imt/sdk/imt_sdk_win_64/imt_sdk_win_64/winavr/bin/../lib/gcc/avr/4.3.3/avr5\libgcc.a(_fixunssfsi.o)
 .bss           0x00800134        0x0 d:/computer_science/embeded_systems/imt/sdk/imt_sdk_win_64/imt_sdk_win_64/winavr/bin/../lib/gcc/avr/4.3.3/avr5\libgcc.a(_addsub_sf.o)
 .bss           0x00800134        0x0 d:/computer_science/embeded_systems/imt/sdk/imt_sdk_win_64/imt_sdk_win_64/winavr/bin/../lib/gcc/avr/4.3.3/avr5\libgcc.a(_mul_sf.o)
 .bss           0x00800134        0x0 d:/computer_science/embeded_systems/imt/sdk/imt_sdk_win_64/imt_sdk_win_64/winavr/bin/../lib/gcc/avr/4.3.3/avr5\libgcc.a(_gt_sf.o)
 .bss           0x00800134        0x0 d:/computer_science/embeded_systems/imt/sdk/imt_sdk_win_64/imt_sdk_win_64/winavr/bin/../lib/gcc/avr/4.3.3/avr5\libgcc.a(_ge_sf.o)
 .bss           0x00800134        0x0 d:/computer_science/embeded_systems/imt/sdk/imt_sdk_win_64/imt_sdk_win_64/winavr/bin/../lib/gcc/avr/4.3.3/avr5\libgcc.a(_lt_sf.o)
 .bss           0x00800134        0x0 d:/computer_science/embeded_systems/imt/sdk/imt_sdk_win_64/imt_sdk_win_64/winavr/bin/../lib/gcc/avr/4.3.3/avr5\libgcc.a(_sf_to_si.o)
 .bss           0x00800134        0x0 d:/computer_science/embeded_systems/imt/sdk/imt_sdk_win_64/imt_sdk_win_64/winavr/bin/../lib/gcc/avr/4.3.3/avr5\libgcc.a(_thenan_sf.o)
 .bss           0x00800134        0x0 d:/computer_science/embeded_systems/imt/sdk/imt_sdk_win_64/imt_sdk_win_64/winavr/bin/../lib/gcc/avr/4.3.3/avr5\libgcc.a(_prologue.o)
 .bss           0x00800134        0x0 d:/computer_science/embeded_systems/imt/sdk/imt_sdk_win_64/imt_sdk_win_64/winavr/bin/../lib/gcc/avr/4.3.3/avr5\libgcc.a(_epilogue.o)
 .bss           0x00800134        0x0 d:/computer_science/embeded_systems/imt/sdk/imt_sdk_win_64/imt_sdk_win_64/winavr/bin/../lib/gcc/avr/4.3.3/avr5\libgcc.a(_pack_sf.o)
 .bss           0x00800134        0x0 d:/computer_science/embeded_systems/imt/sdk/imt_sdk_win_64/imt_sdk_win_64/winavr/bin/../lib/gcc/avr/4.3.3/avr5\libgcc.a(_unpack_sf.o)
 .bss           0x00800134        0x0 d:/computer_science/embeded_systems/imt/sdk/imt_sdk_win_64/imt_sdk_win_64/winavr/bin/../lib/gcc/avr/4.3.3/avr5\libgcc.a(_fpcmp_parts_sf.o)
 .bss           0x00800134        0x0 d:/computer_science/embeded_systems/imt/sdk/imt_sdk_win_64/imt_sdk_win_64/winavr/bin/../lib/gcc/avr/4.3.3/../../../../avr/lib/avr5\libc.a(memcpy.o)
 .bss           0x00800134        0x0 d:/computer_science/embeded_systems/imt/sdk/imt_sdk_win_64/imt_sdk_win_64/winavr/bin/../lib/gcc/avr/4.3.3/../../../../avr/lib/avr5\libc.a(memset.o)
 .bss           0x00800134        0x0 d:/computer_science/embeded_systems/imt/sdk/imt_sdk_win_64/imt_sdk_win_64/winavr/bin/../lib/gcc/avr/4.3.3/../../../../avr/lib/avr5\libc.a(strncpy.o)
 *(.bss*)
 .bss.pxCurrentCoRoutine
                0x00800134        0x2 ./RTOS/croutine.o
                0x00800134                pxCurrentCoRoutine
 .bss.uxTopCoRoutineReadyPriority
                0x00800136        0x1 ./RTOS/croutine.o
 .bss.xCoRoutineTickCount
                0x00800137        0x2 ./RTOS/croutine.o
 .bss.xLastTickCount
                0x00800139        0x2 ./RTOS/croutine.o
 .bss.xPassedTicks
                0x0080013b        0x2 ./RTOS/croutine.o
 .bss.pxReadyCoRoutineLists
                0x0080013d       0x12 ./RTOS/croutine.o
 .bss.xDelayedCoRoutineList1
                0x0080014f        0x9 ./RTOS/croutine.o
 .bss.xDelayedCoRoutineList2
                0x00800158        0x9 ./RTOS/croutine.o
 .bss.pxDelayedCoRoutineList
                0x00800161        0x2 ./RTOS/croutine.o
 .bss.pxOverflowDelayedCoRoutineList
                0x00800163        0x2 ./RTOS/croutine.o
 .bss.xPendingReadyCoRoutineList
                0x00800165        0x9 ./RTOS/croutine.o
 .bss.xNextFreeByte
                0x0080016e        0x2 ./RTOS/heap_1.o
 .bss.xHeap     0x00800170      0x3e8 ./RTOS/heap_1.o
 .bss.pxCurrentTCB
                0x00800558        0x2 ./RTOS/tasks.o
                0x00800558                pxCurrentTCB
 .bss.uxTasksDeleted
                0x0080055a        0x1 ./RTOS/tasks.o
 .bss.uxCurrentNumberOfTasks
                0x0080055b        0x1 ./RTOS/tasks.o
 .bss.xTickCount
                0x0080055c        0x2 ./RTOS/tasks.o
 .bss.uxTopUsedPriority
                0x0080055e        0x1 ./RTOS/tasks.o
 .bss.uxTopReadyPriority
                0x0080055f        0x1 ./RTOS/tasks.o
 .bss.xSchedulerRunning
                0x00800560        0x1 ./RTOS/tasks.o
 .bss.uxSchedulerSuspended
                0x00800561        0x1 ./RTOS/tasks.o
 .bss.uxMissedTicks
                0x00800562        0x1 ./RTOS/tasks.o
 .bss.xMissedYield
                0x00800563        0x1 ./RTOS/tasks.o
 .bss.xNumOfOverflows
                0x00800564        0x1 ./RTOS/tasks.o
 .bss.uxTaskNumber
                0x00800565        0x1 ./RTOS/tasks.o
 .bss.pxReadyTasksLists
                0x00800566       0x2d ./RTOS/tasks.o
 .bss.xDelayedTaskList1
                0x00800593        0x9 ./RTOS/tasks.o
 .bss.xDelayedTaskList2
                0x0080059c        0x9 ./RTOS/tasks.o
 .bss.pxDelayedTaskList
                0x008005a5        0x2 ./RTOS/tasks.o
 .bss.pxOverflowDelayedTaskList
                0x008005a7        0x2 ./RTOS/tasks.o
 .bss.xPendingReadyList
                0x008005a9        0x9 ./RTOS/tasks.o
 .bss.xTasksWaitingTermination
                0x008005b2        0x9 ./RTOS/tasks.o
 .bss.password_desired
                0x008005bb        0xa ./main.o
                0x008005bb                password_desired
 .bss.password_desired2
                0x008005c5        0xa ./main.o
                0x008005c5                password_desired2
 .bss.address   0x008005cf        0x1 ./main.o
                0x008005cf                address
 .bss.flag      0x008005d0        0x1 ./main.o
                0x008005d0                flag
 .bss.choose    0x008005d1        0x1 ./main.o
                0x008005d1                choose
 *(COMMON)
 COMMON         0x008005d2        0xc ./main.o
                0x008005d2                TASK2
                0x008005d4                MUTEX
                0x008005d6                SIGN
                0x008005d8                TASK
                0x008005da                Syc
                0x008005dc                Syc2
                0x008005de                PROVIDE (__bss_end, .)
                0x00005890                __data_load_start = LOADADDR (.data)
                0x00005964                __data_load_end = (__data_load_start + SIZEOF (.data))

.noinit         0x008005de        0x0
                0x008005de                PROVIDE (__noinit_start, .)
 *(.noinit*)
                0x008005de                PROVIDE (__noinit_end, .)
                0x008005de                _end = .
                0x008005de                PROVIDE (__heap_start, .)

.eeprom         0x00810000        0x0
 *(.eeprom*)
                0x00810000                __eeprom_end = .

.fuse
 *(.fuse)
 *(.lfuse)
 *(.hfuse)
 *(.efuse)

.lock
 *(.lock*)

.signature
 *(.signature*)

.stab           0x00000000     0x69cc
 *(.stab)
 .stab          0x00000000      0xb40 ./RTOS/croutine.o
 .stab          0x00000b40      0x354 ./RTOS/heap_1.o
                                0x624 (size before relaxing)
 .stab          0x00000e94      0x474 ./RTOS/list.o
                                0x750 (size before relaxing)
 .stab          0x00001308      0x840 ./RTOS/port.o
                                0xb70 (size before relaxing)
 .stab          0x00001b48     0x108c ./RTOS/queue.o
                               0x13c8 (size before relaxing)
 .stab          0x00002bd4     0x1740 ./RTOS/tasks.o
                               0x1998 (size before relaxing)
 .stab          0x00004314      0x1c8 ./RTOS/timers.o
                                0x4c8 (size before relaxing)
 .stab          0x000044dc      0x804 ./MCAL/DIO/DIO.o
                                0x810 (size before relaxing)
 .stab          0x00004ce0      0xcd8 ./HAL/LCD/LCD_Program.o
                                0xe64 (size before relaxing)
 .stab          0x000059b8      0x3d8 ./HAL/Keybad/Keybad.o
                                0x570 (size before relaxing)
 .stab          0x00005d90      0xc3c ./main.o
                                0xfa8 (size before relaxing)

.stabstr        0x00000000     0x34d5
 *(.stabstr)
 .stabstr       0x00000000     0x34d5 ./RTOS/croutine.o

.stab.excl
 *(.stab.excl)

.stab.exclstr
 *(.stab.exclstr)

.stab.index
 *(.stab.index)

.stab.indexstr
 *(.stab.indexstr)

.comment
 *(.comment)

.debug
 *(.debug)

.line
 *(.line)

.debug_srcinfo
 *(.debug_srcinfo)

.debug_sfnames
 *(.debug_sfnames)

.debug_aranges  0x00000000      0x140
 *(.debug_aranges)
 .debug_aranges
                0x00000000       0x20 d:/computer_science/embeded_systems/imt/sdk/imt_sdk_win_64/imt_sdk_win_64/winavr/bin/../lib/gcc/avr/4.3.3/avr5\libgcc.a(_fixunssfsi.o)
 .debug_aranges
                0x00000020       0x20 d:/computer_science/embeded_systems/imt/sdk/imt_sdk_win_64/imt_sdk_win_64/winavr/bin/../lib/gcc/avr/4.3.3/avr5\libgcc.a(_addsub_sf.o)
 .debug_aranges
                0x00000040       0x20 d:/computer_science/embeded_systems/imt/sdk/imt_sdk_win_64/imt_sdk_win_64/winavr/bin/../lib/gcc/avr/4.3.3/avr5\libgcc.a(_mul_sf.o)
 .debug_aranges
                0x00000060       0x20 d:/computer_science/embeded_systems/imt/sdk/imt_sdk_win_64/imt_sdk_win_64/winavr/bin/../lib/gcc/avr/4.3.3/avr5\libgcc.a(_gt_sf.o)
 .debug_aranges
                0x00000080       0x20 d:/computer_science/embeded_systems/imt/sdk/imt_sdk_win_64/imt_sdk_win_64/winavr/bin/../lib/gcc/avr/4.3.3/avr5\libgcc.a(_ge_sf.o)
 .debug_aranges
                0x000000a0       0x20 d:/computer_science/embeded_systems/imt/sdk/imt_sdk_win_64/imt_sdk_win_64/winavr/bin/../lib/gcc/avr/4.3.3/avr5\libgcc.a(_lt_sf.o)
 .debug_aranges
                0x000000c0       0x20 d:/computer_science/embeded_systems/imt/sdk/imt_sdk_win_64/imt_sdk_win_64/winavr/bin/../lib/gcc/avr/4.3.3/avr5\libgcc.a(_sf_to_si.o)
 .debug_aranges
                0x000000e0       0x20 d:/computer_science/embeded_systems/imt/sdk/imt_sdk_win_64/imt_sdk_win_64/winavr/bin/../lib/gcc/avr/4.3.3/avr5\libgcc.a(_pack_sf.o)
 .debug_aranges
                0x00000100       0x20 d:/computer_science/embeded_systems/imt/sdk/imt_sdk_win_64/imt_sdk_win_64/winavr/bin/../lib/gcc/avr/4.3.3/avr5\libgcc.a(_unpack_sf.o)
 .debug_aranges
                0x00000120       0x20 d:/computer_science/embeded_systems/imt/sdk/imt_sdk_win_64/imt_sdk_win_64/winavr/bin/../lib/gcc/avr/4.3.3/avr5\libgcc.a(_fpcmp_parts_sf.o)

.debug_pubnames
                0x00000000      0x170
 *(.debug_pubnames)
 .debug_pubnames
                0x00000000       0x23 d:/computer_science/embeded_systems/imt/sdk/imt_sdk_win_64/imt_sdk_win_64/winavr/bin/../lib/gcc/avr/4.3.3/avr5\libgcc.a(_fixunssfsi.o)
 .debug_pubnames
                0x00000023       0x2c d:/computer_science/embeded_systems/imt/sdk/imt_sdk_win_64/imt_sdk_win_64/winavr/bin/../lib/gcc/avr/4.3.3/avr5\libgcc.a(_addsub_sf.o)
 .debug_pubnames
                0x0000004f       0x1f d:/computer_science/embeded_systems/imt/sdk/imt_sdk_win_64/imt_sdk_win_64/winavr/bin/../lib/gcc/avr/4.3.3/avr5\libgcc.a(_mul_sf.o)
 .debug_pubnames
                0x0000006e       0x1e d:/computer_science/embeded_systems/imt/sdk/imt_sdk_win_64/imt_sdk_win_64/winavr/bin/../lib/gcc/avr/4.3.3/avr5\libgcc.a(_gt_sf.o)
 .debug_pubnames
                0x0000008c       0x1e d:/computer_science/embeded_systems/imt/sdk/imt_sdk_win_64/imt_sdk_win_64/winavr/bin/../lib/gcc/avr/4.3.3/avr5\libgcc.a(_ge_sf.o)
 .debug_pubnames
                0x000000aa       0x1e d:/computer_science/embeded_systems/imt/sdk/imt_sdk_win_64/imt_sdk_win_64/winavr/bin/../lib/gcc/avr/4.3.3/avr5\libgcc.a(_lt_sf.o)
 .debug_pubnames
                0x000000c8       0x20 d:/computer_science/embeded_systems/imt/sdk/imt_sdk_win_64/imt_sdk_win_64/winavr/bin/../lib/gcc/avr/4.3.3/avr5\libgcc.a(_sf_to_si.o)
 .debug_pubnames
                0x000000e8       0x22 d:/computer_science/embeded_systems/imt/sdk/imt_sdk_win_64/imt_sdk_win_64/winavr/bin/../lib/gcc/avr/4.3.3/avr5\libgcc.a(_thenan_sf.o)
 .debug_pubnames
                0x0000010a       0x1f d:/computer_science/embeded_systems/imt/sdk/imt_sdk_win_64/imt_sdk_win_64/winavr/bin/../lib/gcc/avr/4.3.3/avr5\libgcc.a(_pack_sf.o)
 .debug_pubnames
                0x00000129       0x21 d:/computer_science/embeded_systems/imt/sdk/imt_sdk_win_64/imt_sdk_win_64/winavr/bin/../lib/gcc/avr/4.3.3/avr5\libgcc.a(_unpack_sf.o)
 .debug_pubnames
                0x0000014a       0x26 d:/computer_science/embeded_systems/imt/sdk/imt_sdk_win_64/imt_sdk_win_64/winavr/bin/../lib/gcc/avr/4.3.3/avr5\libgcc.a(_fpcmp_parts_sf.o)

.debug_info     0x00000000     0x1c49
 *(.debug_info)
 .debug_info    0x00000000       0xb1 d:/computer_science/embeded_systems/imt/sdk/imt_sdk_win_64/imt_sdk_win_64/winavr/bin/../lib/gcc/avr/4.3.3/avr5\libgcc.a(_fixunssfsi.o)
 .debug_info    0x000000b1      0x47a d:/computer_science/embeded_systems/imt/sdk/imt_sdk_win_64/imt_sdk_win_64/winavr/bin/../lib/gcc/avr/4.3.3/avr5\libgcc.a(_addsub_sf.o)
 .debug_info    0x0000052b      0x485 d:/computer_science/embeded_systems/imt/sdk/imt_sdk_win_64/imt_sdk_win_64/winavr/bin/../lib/gcc/avr/4.3.3/avr5\libgcc.a(_mul_sf.o)
 .debug_info    0x000009b0      0x27f d:/computer_science/embeded_systems/imt/sdk/imt_sdk_win_64/imt_sdk_win_64/winavr/bin/../lib/gcc/avr/4.3.3/avr5\libgcc.a(_gt_sf.o)
 .debug_info    0x00000c2f      0x27f d:/computer_science/embeded_systems/imt/sdk/imt_sdk_win_64/imt_sdk_win_64/winavr/bin/../lib/gcc/avr/4.3.3/avr5\libgcc.a(_ge_sf.o)
 .debug_info    0x00000eae      0x27f d:/computer_science/embeded_systems/imt/sdk/imt_sdk_win_64/imt_sdk_win_64/winavr/bin/../lib/gcc/avr/4.3.3/avr5\libgcc.a(_lt_sf.o)
 .debug_info    0x0000112d      0x2b0 d:/computer_science/embeded_systems/imt/sdk/imt_sdk_win_64/imt_sdk_win_64/winavr/bin/../lib/gcc/avr/4.3.3/avr5\libgcc.a(_sf_to_si.o)
 .debug_info    0x000013dd      0x12c d:/computer_science/embeded_systems/imt/sdk/imt_sdk_win_64/imt_sdk_win_64/winavr/bin/../lib/gcc/avr/4.3.3/avr5\libgcc.a(_thenan_sf.o)
 .debug_info    0x00001509      0x2df d:/computer_science/embeded_systems/imt/sdk/imt_sdk_win_64/imt_sdk_win_64/winavr/bin/../lib/gcc/avr/4.3.3/avr5\libgcc.a(_pack_sf.o)
 .debug_info    0x000017e8      0x251 d:/computer_science/embeded_systems/imt/sdk/imt_sdk_win_64/imt_sdk_win_64/winavr/bin/../lib/gcc/avr/4.3.3/avr5\libgcc.a(_unpack_sf.o)
 .debug_info    0x00001a39      0x210 d:/computer_science/embeded_systems/imt/sdk/imt_sdk_win_64/imt_sdk_win_64/winavr/bin/../lib/gcc/avr/4.3.3/avr5\libgcc.a(_fpcmp_parts_sf.o)
 *(.gnu.linkonce.wi.*)

.debug_abbrev   0x00000000      0xeeb
 *(.debug_abbrev)
 .debug_abbrev  0x00000000       0x5d d:/computer_science/embeded_systems/imt/sdk/imt_sdk_win_64/imt_sdk_win_64/winavr/bin/../lib/gcc/avr/4.3.3/avr5\libgcc.a(_fixunssfsi.o)
 .debug_abbrev  0x0000005d      0x1ea d:/computer_science/embeded_systems/imt/sdk/imt_sdk_win_64/imt_sdk_win_64/winavr/bin/../lib/gcc/avr/4.3.3/avr5\libgcc.a(_addsub_sf.o)
 .debug_abbrev  0x00000247      0x21b d:/computer_science/embeded_systems/imt/sdk/imt_sdk_win_64/imt_sdk_win_64/winavr/bin/../lib/gcc/avr/4.3.3/avr5\libgcc.a(_mul_sf.o)
 .debug_abbrev  0x00000462      0x15a d:/computer_science/embeded_systems/imt/sdk/imt_sdk_win_64/imt_sdk_win_64/winavr/bin/../lib/gcc/avr/4.3.3/avr5\libgcc.a(_gt_sf.o)
 .debug_abbrev  0x000005bc      0x15a d:/computer_science/embeded_systems/imt/sdk/imt_sdk_win_64/imt_sdk_win_64/winavr/bin/../lib/gcc/avr/4.3.3/avr5\libgcc.a(_ge_sf.o)
 .debug_abbrev  0x00000716      0x15a d:/computer_science/embeded_systems/imt/sdk/imt_sdk_win_64/imt_sdk_win_64/winavr/bin/../lib/gcc/avr/4.3.3/avr5\libgcc.a(_lt_sf.o)
 .debug_abbrev  0x00000870      0x17f d:/computer_science/embeded_systems/imt/sdk/imt_sdk_win_64/imt_sdk_win_64/winavr/bin/../lib/gcc/avr/4.3.3/avr5\libgcc.a(_sf_to_si.o)
 .debug_abbrev  0x000009ef       0xad d:/computer_science/embeded_systems/imt/sdk/imt_sdk_win_64/imt_sdk_win_64/winavr/bin/../lib/gcc/avr/4.3.3/avr5\libgcc.a(_thenan_sf.o)
 .debug_abbrev  0x00000a9c      0x1c0 d:/computer_science/embeded_systems/imt/sdk/imt_sdk_win_64/imt_sdk_win_64/winavr/bin/../lib/gcc/avr/4.3.3/avr5\libgcc.a(_pack_sf.o)
 .debug_abbrev  0x00000c5c      0x154 d:/computer_science/embeded_systems/imt/sdk/imt_sdk_win_64/imt_sdk_win_64/winavr/bin/../lib/gcc/avr/4.3.3/avr5\libgcc.a(_unpack_sf.o)
 .debug_abbrev  0x00000db0      0x13b d:/computer_science/embeded_systems/imt/sdk/imt_sdk_win_64/imt_sdk_win_64/winavr/bin/../lib/gcc/avr/4.3.3/avr5\libgcc.a(_fpcmp_parts_sf.o)

.debug_line     0x00000000      0xdad
 *(.debug_line)
 .debug_line    0x00000000       0xa7 d:/computer_science/embeded_systems/imt/sdk/imt_sdk_win_64/imt_sdk_win_64/winavr/bin/../lib/gcc/avr/4.3.3/avr5\libgcc.a(_fixunssfsi.o)
 .debug_line    0x000000a7      0x2af d:/computer_science/embeded_systems/imt/sdk/imt_sdk_win_64/imt_sdk_win_64/winavr/bin/../lib/gcc/avr/4.3.3/avr5\libgcc.a(_addsub_sf.o)
 .debug_line    0x00000356      0x239 d:/computer_science/embeded_systems/imt/sdk/imt_sdk_win_64/imt_sdk_win_64/winavr/bin/../lib/gcc/avr/4.3.3/avr5\libgcc.a(_mul_sf.o)
 .debug_line    0x0000058f       0xd3 d:/computer_science/embeded_systems/imt/sdk/imt_sdk_win_64/imt_sdk_win_64/winavr/bin/../lib/gcc/avr/4.3.3/avr5\libgcc.a(_gt_sf.o)
 .debug_line    0x00000662       0xd3 d:/computer_science/embeded_systems/imt/sdk/imt_sdk_win_64/imt_sdk_win_64/winavr/bin/../lib/gcc/avr/4.3.3/avr5\libgcc.a(_ge_sf.o)
 .debug_line    0x00000735       0xd3 d:/computer_science/embeded_systems/imt/sdk/imt_sdk_win_64/imt_sdk_win_64/winavr/bin/../lib/gcc/avr/4.3.3/avr5\libgcc.a(_lt_sf.o)
 .debug_line    0x00000808      0x109 d:/computer_science/embeded_systems/imt/sdk/imt_sdk_win_64/imt_sdk_win_64/winavr/bin/../lib/gcc/avr/4.3.3/avr5\libgcc.a(_sf_to_si.o)
 .debug_line    0x00000911       0x90 d:/computer_science/embeded_systems/imt/sdk/imt_sdk_win_64/imt_sdk_win_64/winavr/bin/../lib/gcc/avr/4.3.3/avr5\libgcc.a(_thenan_sf.o)
 .debug_line    0x000009a1      0x18a d:/computer_science/embeded_systems/imt/sdk/imt_sdk_win_64/imt_sdk_win_64/winavr/bin/../lib/gcc/avr/4.3.3/avr5\libgcc.a(_pack_sf.o)
 .debug_line    0x00000b2b      0x14b d:/computer_science/embeded_systems/imt/sdk/imt_sdk_win_64/imt_sdk_win_64/winavr/bin/../lib/gcc/avr/4.3.3/avr5\libgcc.a(_unpack_sf.o)
 .debug_line    0x00000c76      0x137 d:/computer_science/embeded_systems/imt/sdk/imt_sdk_win_64/imt_sdk_win_64/winavr/bin/../lib/gcc/avr/4.3.3/avr5\libgcc.a(_fpcmp_parts_sf.o)

.debug_frame    0x00000000      0x160
 *(.debug_frame)
 .debug_frame   0x00000000       0x20 d:/computer_science/embeded_systems/imt/sdk/imt_sdk_win_64/imt_sdk_win_64/winavr/bin/../lib/gcc/avr/4.3.3/avr5\libgcc.a(_fixunssfsi.o)
 .debug_frame   0x00000020       0x40 d:/computer_science/embeded_systems/imt/sdk/imt_sdk_win_64/imt_sdk_win_64/winavr/bin/../lib/gcc/avr/4.3.3/avr5\libgcc.a(_addsub_sf.o)
 .debug_frame   0x00000060       0x20 d:/computer_science/embeded_systems/imt/sdk/imt_sdk_win_64/imt_sdk_win_64/winavr/bin/../lib/gcc/avr/4.3.3/avr5\libgcc.a(_mul_sf.o)
 .debug_frame   0x00000080       0x20 d:/computer_science/embeded_systems/imt/sdk/imt_sdk_win_64/imt_sdk_win_64/winavr/bin/../lib/gcc/avr/4.3.3/avr5\libgcc.a(_gt_sf.o)
 .debug_frame   0x000000a0       0x20 d:/computer_science/embeded_systems/imt/sdk/imt_sdk_win_64/imt_sdk_win_64/winavr/bin/../lib/gcc/avr/4.3.3/avr5\libgcc.a(_ge_sf.o)
 .debug_frame   0x000000c0       0x20 d:/computer_science/embeded_systems/imt/sdk/imt_sdk_win_64/imt_sdk_win_64/winavr/bin/../lib/gcc/avr/4.3.3/avr5\libgcc.a(_lt_sf.o)
 .debug_frame   0x000000e0       0x20 d:/computer_science/embeded_systems/imt/sdk/imt_sdk_win_64/imt_sdk_win_64/winavr/bin/../lib/gcc/avr/4.3.3/avr5\libgcc.a(_sf_to_si.o)
 .debug_frame   0x00000100       0x20 d:/computer_science/embeded_systems/imt/sdk/imt_sdk_win_64/imt_sdk_win_64/winavr/bin/../lib/gcc/avr/4.3.3/avr5\libgcc.a(_pack_sf.o)
 .debug_frame   0x00000120       0x20 d:/computer_science/embeded_systems/imt/sdk/imt_sdk_win_64/imt_sdk_win_64/winavr/bin/../lib/gcc/avr/4.3.3/avr5\libgcc.a(_unpack_sf.o)
 .debug_frame   0x00000140       0x20 d:/computer_science/embeded_systems/imt/sdk/imt_sdk_win_64/imt_sdk_win_64/winavr/bin/../lib/gcc/avr/4.3.3/avr5\libgcc.a(_fpcmp_parts_sf.o)

.debug_str      0x00000000      0x28d
 *(.debug_str)
 .debug_str     0x00000000       0xbf d:/computer_science/embeded_systems/imt/sdk/imt_sdk_win_64/imt_sdk_win_64/winavr/bin/../lib/gcc/avr/4.3.3/avr5\libgcc.a(_fixunssfsi.o)
                                 0xfe (size before relaxing)
 .debug_str     0x000000bf      0x14d d:/computer_science/embeded_systems/imt/sdk/imt_sdk_win_64/imt_sdk_win_64/winavr/bin/../lib/gcc/avr/4.3.3/avr5\libgcc.a(_addsub_sf.o)
                                0x206 (size before relaxing)
 .debug_str     0x0000020c       0x27 d:/computer_science/embeded_systems/imt/sdk/imt_sdk_win_64/imt_sdk_win_64/winavr/bin/../lib/gcc/avr/4.3.3/avr5\libgcc.a(_mul_sf.o)
                                0x1bf (size before relaxing)
 .debug_str     0x00000233        0xf d:/computer_science/embeded_systems/imt/sdk/imt_sdk_win_64/imt_sdk_win_64/winavr/bin/../lib/gcc/avr/4.3.3/avr5\libgcc.a(_gt_sf.o)
                                0x195 (size before relaxing)
 .debug_str     0x00000242        0x8 d:/computer_science/embeded_systems/imt/sdk/imt_sdk_win_64/imt_sdk_win_64/winavr/bin/../lib/gcc/avr/4.3.3/avr5\libgcc.a(_ge_sf.o)
                                0x195 (size before relaxing)
 .debug_str     0x0000024a        0x8 d:/computer_science/embeded_systems/imt/sdk/imt_sdk_win_64/imt_sdk_win_64/winavr/bin/../lib/gcc/avr/4.3.3/avr5\libgcc.a(_lt_sf.o)
                                0x195 (size before relaxing)
 .debug_str     0x00000252        0xa d:/computer_science/embeded_systems/imt/sdk/imt_sdk_win_64/imt_sdk_win_64/winavr/bin/../lib/gcc/avr/4.3.3/avr5\libgcc.a(_sf_to_si.o)
                                0x19e (size before relaxing)
 .debug_str     0x00000000      0x103 d:/computer_science/embeded_systems/imt/sdk/imt_sdk_win_64/imt_sdk_win_64/winavr/bin/../lib/gcc/avr/4.3.3/avr5\libgcc.a(_thenan_sf.o)
 .debug_str     0x0000025c       0x16 d:/computer_science/embeded_systems/imt/sdk/imt_sdk_win_64/imt_sdk_win_64/winavr/bin/../lib/gcc/avr/4.3.3/avr5\libgcc.a(_pack_sf.o)
                                0x19d (size before relaxing)
 .debug_str     0x00000272        0xb d:/computer_science/embeded_systems/imt/sdk/imt_sdk_win_64/imt_sdk_win_64/winavr/bin/../lib/gcc/avr/4.3.3/avr5\libgcc.a(_unpack_sf.o)
                                0x17f (size before relaxing)
 .debug_str     0x0000027d       0x10 d:/computer_science/embeded_systems/imt/sdk/imt_sdk_win_64/imt_sdk_win_64/winavr/bin/../lib/gcc/avr/4.3.3/avr5\libgcc.a(_fpcmp_parts_sf.o)
                                0x163 (size before relaxing)

.debug_loc      0x00000000      0x7ce
 *(.debug_loc)
 .debug_loc     0x00000000       0x34 d:/computer_science/embeded_systems/imt/sdk/imt_sdk_win_64/imt_sdk_win_64/winavr/bin/../lib/gcc/avr/4.3.3/avr5\libgcc.a(_fixunssfsi.o)
 .debug_loc     0x00000034      0x32a d:/computer_science/embeded_systems/imt/sdk/imt_sdk_win_64/imt_sdk_win_64/winavr/bin/../lib/gcc/avr/4.3.3/avr5\libgcc.a(_addsub_sf.o)
 .debug_loc     0x0000035e      0x104 d:/computer_science/embeded_systems/imt/sdk/imt_sdk_win_64/imt_sdk_win_64/winavr/bin/../lib/gcc/avr/4.3.3/avr5\libgcc.a(_mul_sf.o)
 .debug_loc     0x00000462       0x3c d:/computer_science/embeded_systems/imt/sdk/imt_sdk_win_64/imt_sdk_win_64/winavr/bin/../lib/gcc/avr/4.3.3/avr5\libgcc.a(_gt_sf.o)
 .debug_loc     0x0000049e       0x3c d:/computer_science/embeded_systems/imt/sdk/imt_sdk_win_64/imt_sdk_win_64/winavr/bin/../lib/gcc/avr/4.3.3/avr5\libgcc.a(_ge_sf.o)
 .debug_loc     0x000004da       0x3c d:/computer_science/embeded_systems/imt/sdk/imt_sdk_win_64/imt_sdk_win_64/winavr/bin/../lib/gcc/avr/4.3.3/avr5\libgcc.a(_lt_sf.o)
 .debug_loc     0x00000516       0x7e d:/computer_science/embeded_systems/imt/sdk/imt_sdk_win_64/imt_sdk_win_64/winavr/bin/../lib/gcc/avr/4.3.3/avr5\libgcc.a(_sf_to_si.o)
 .debug_loc     0x00000594      0x13e d:/computer_science/embeded_systems/imt/sdk/imt_sdk_win_64/imt_sdk_win_64/winavr/bin/../lib/gcc/avr/4.3.3/avr5\libgcc.a(_pack_sf.o)
 .debug_loc     0x000006d2       0xac d:/computer_science/embeded_systems/imt/sdk/imt_sdk_win_64/imt_sdk_win_64/winavr/bin/../lib/gcc/avr/4.3.3/avr5\libgcc.a(_unpack_sf.o)
 .debug_loc     0x0000077e       0x50 d:/computer_science/embeded_systems/imt/sdk/imt_sdk_win_64/imt_sdk_win_64/winavr/bin/../lib/gcc/avr/4.3.3/avr5\libgcc.a(_fpcmp_parts_sf.o)

.debug_macinfo
 *(.debug_macinfo)
OUTPUT(Protect_app.elf elf32-avr)
LOAD linker stubs

.debug_ranges   0x00000000       0x50
 .debug_ranges  0x00000000       0x50 d:/computer_science/embeded_systems/imt/sdk/imt_sdk_win_64/imt_sdk_win_64/winavr/bin/../lib/gcc/avr/4.3.3/avr5\libgcc.a(_mul_sf.o)
